I'm sorry, but errors were detected in your script. Please correct the
errors listed below, and try again.


File "game/script.rpy", line 23: show statement expects a non-empty block.
    show bg1:
             ^

Ren'Py Version: Ren'Py 8.3.2.24090902
Sun Oct 20 19:09:32 2024
